// Jest Snapshot v1, https://goo.gl/fbAQLP

exports[`renders correctly 1`] = `
<div>
  <div
    style={
      Object {
        "overflowX": "hidden",
      }
    }
  >
    Homepage
  </div>
</div>
`;
