exports[`test shallowly renders App 1`] = `
<h1>
  Haystack
</h1>
`;
